src/app/actions/citation-intelligence.ts(110,33): error TS2345: Argument of type '{ id: string; organizationId: string; domain: string; classification: string; qualityScore: number; authorityScore: number; occurrenceCount: number; firstSeenAt: string; lastSeenAt: string; createdAt: string; updatedAt: string; }' is not assignable to parameter of type 'CitationSource'.
  Types of property 'classification' are incompatible.
    Type 'string' is not assignable to type 'CitationSourceClassification'.
src/app/actions/citation-intelligence.ts(126,9): error TS2322: Type '{ id: string; organizationId: string; domain: string; classification: string; qualityScore: number; authorityScore: number; occurrenceCount: number; firstSeenAt: string; lastSeenAt: string; createdAt: string; updatedAt: string; }[]' is not assignable to type 'CitationSource[]'.
  Type '{ id: string; organizationId: string; domain: string; classification: string; qualityScore: number; authorityScore: number; occurrenceCount: number; firstSeenAt: string; lastSeenAt: string; createdAt: string; updatedAt: string; }' is not assignable to type 'CitationSource'.
    Types of property 'classification' are incompatible.
      Type 'string' is not assignable to type 'CitationSourceClassification'.
tests/services/audit-engine/aeo-content-intelligence.test.ts(51,9): error TS2739: Type '{ id: string; organizationId: string; name: string; domain: string; status: "active"; audit: { createdAt: string; updatedAt: string; createdBy: string; updatedBy: string; version: number; }; }' is missing the following properties from type 'Competitor': classification, monitoringStatus
tests/services/audit-engine/brand-intelligence.test.ts(34,9): error TS2739: Type '{ id: string; organizationId: string; name: string; domain: string; status: "active"; audit: { createdAt: string; updatedAt: string; createdBy: string; updatedBy: string; version: number; }; }' is missing the following properties from type 'Competitor': classification, monitoringStatus
tests/services/audit-engine/citation-intelligence.test.ts(34,9): error TS2739: Type '{ id: string; organizationId: string; name: string; domain: string; status: "active"; audit: { createdAt: string; updatedAt: string; createdBy: string; updatedBy: string; version: number; }; }' is missing the following properties from type 'Competitor': classification, monitoringStatus
tests/services/audit-engine/competitive-radar.test.ts(330,26): error TS2571: Object is of type 'unknown'.
tests/services/audit-engine/diagnostic-engine.test.ts(112,7): error TS2739: Type '{ id: string; organizationId: string; name: string; domain: string; status: "active"; audit: AuditMetadata; }' is missing the following properties from type 'Competitor': classification, monitoringStatus
tests/services/audit-engine/intelligence-model.test.ts(102,13): error TS2739: Type '{ id: string; organizationId: string; name: string; domain: string; status: "active"; audit: AuditMetadata; }' is missing the following properties from type 'Competitor': classification, monitoringStatus
tests/services/auth/session.test.ts(46,3): error TS2322: Type 'string | null' is not assignable to type 'string'.
  Type 'null' is not assignable to type 'string'.
tests/services/auth/session.test.ts(218,19): error TS2554: Expected 3 arguments, but got 2.
tests/services/cache/cache.test.ts(42,5): error TS2322: Type '"workspace_member"' is not assignable to type 'UserRole'.
tests/services/cache/cache.test.ts(50,5): error TS2322: Type '"workspace_member"' is not assignable to type 'UserRole'.
tests/services/dashboard-home.test.ts(69,3): error TS2322: Type '() => Promise<QueryResult<QueryResultRow>>' is not assignable to type '<T extends QueryResultRow = QueryResultRow>(sql: string, params?: unknown[]) => Promise<QueryResult<T>>'.
  Type 'Promise<QueryResult<QueryResultRow>>' is not assignable to type 'Promise<QueryResult<T>>'.
    Type 'QueryResult<QueryResultRow>' is not assignable to type 'QueryResult<T>'.
      Type 'QueryResultRow' is not assignable to type 'T'.
        'QueryResultRow' is assignable to the constraint of type 'T', but 'T' could be instantiated with a different subtype of constraint 'QueryResultRow'.
tests/services/dashboard-home.test.ts(128,3): error TS2322: Type '() => Promise<QueryResult<QueryResultRow>>' is not assignable to type '<T extends QueryResultRow = QueryResultRow>(sql: string, params?: unknown[]) => Promise<QueryResult<T>>'.
  Type 'Promise<QueryResult<QueryResultRow>>' is not assignable to type 'Promise<QueryResult<T>>'.
    Type 'QueryResult<QueryResultRow>' is not assignable to type 'QueryResult<T>'.
      Type 'QueryResultRow' is not assignable to type 'T'.
        'QueryResultRow' is assignable to the constraint of type 'T', but 'T' could be instantiated with a different subtype of constraint 'QueryResultRow'.
tests/services/ingestion/document-ingestion.test.ts(177,20): error TS7053: Element implicitly has an 'any' type because expression of type '0' can't be used to index type 'Number'.
  Property '0' does not exist on type 'Number'.
tests/services/rag/query-service.test.ts(42,3): error TS2322: Type '(sql: string, params?: unknown[]) => Promise<void | { rowCount: number; rows: MockDocumentRecord[]; } | { rowCount: number; rows: { id: string; tenant_id: string; content_chunk: string; metadata: Record<...>; distance: number; created_at: string; }[]; }>' is not assignable to type '(sql: string, params?: unknown[] | undefined) => Promise<{ rowCount: number; rows: unknown[]; }>'.
  Type 'Promise<void | { rowCount: number; rows: MockDocumentRecord[]; } | { rowCount: number; rows: { id: string; tenant_id: string; content_chunk: string; metadata: Record<string, unknown>; distance: number; created_at: string; }[]; }>' is not assignable to type 'Promise<{ rowCount: number; rows: unknown[]; }>'.
    Type 'void | { rowCount: number; rows: MockDocumentRecord[]; } | { rowCount: number; rows: { id: string; tenant_id: string; content_chunk: string; metadata: Record<string, unknown>; distance: number; created_at: string; }[]; }' is not assignable to type '{ rowCount: number; rows: unknown[]; }'.
      Type 'void' is not assignable to type '{ rowCount: number; rows: unknown[]; }'.
tests/services/rag/query-service.test.ts(94,46): error TS2322: Type 'unknown[]' is not assignable to type 'never'.
EXIT_CODE: 2
