$ tsx src/core/database/migrator.ts
[Migration Runner] Executing Drizzle migrations from: /app/database/drizzle
[Migration Runner] Migration failed: DrizzleQueryError: Failed query:
CREATE TABLE "document_embeddings" (
	"id" uuid PRIMARY KEY DEFAULT gen_random_uuid() NOT NULL,
	"tenant_id" uuid NOT NULL,
	"content_chunk" text NOT NULL,
	"metadata" jsonb DEFAULT '{}'::jsonb NOT NULL,
	"embedding" vector(768) NOT NULL,
	"created_at" timestamp with time zone DEFAULT NOW() NOT NULL
);

params:
    at NodePgPreparedQuery.queryWithCache (/app/node_modules/.pnpm/drizzle-orm@0.45.2_@opentelemetry+api@1.9.1_@types+pg@8.23.1_pg@8.23.0/node_modules/src/pg-core/session.ts:73:11)
    at process.processTicksAndRejections (node:internal/process/task_queues:103:5)
    at async <anonymous> (/app/node_modules/.pnpm/drizzle-orm@0.45.2_@opentelemetry+api@1.9.1_@types+pg@8.23.1_pg@8.23.0/node_modules/src/pg-core/dialect.ts:102:7)
    ... 3 lines matching cause stack trace ...
    at async runMigrations (/app/src/core/database/migrator.ts:23:5) {
  query: '\n' +
    'CREATE TABLE "document_embeddings" (\n' +
    '\t"id" uuid PRIMARY KEY DEFAULT gen_random_uuid() NOT NULL,\n' +
    '\t"tenant_id" uuid NOT NULL,\n' +
    '\t"content_chunk" text NOT NULL,\n' +
    `\t"metadata" jsonb DEFAULT '{}'::jsonb NOT NULL,\n` +
    '\t"embedding" vector(768) NOT NULL,\n' +
    '\t"created_at" timestamp with time zone DEFAULT NOW() NOT NULL\n' +
    ');\n',
  params: [],
  cause: error: type "vector" does not exist
      at /app/node_modules/.pnpm/pg@8.23.0/node_modules/pg/lib/client.js:694:17
      at process.processTicksAndRejections (node:internal/process/task_queues:103:5)
      at async <anonymous> (/app/node_modules/.pnpm/drizzle-orm@0.45.2_@opentelemetry+api@1.9.1_@types+pg@8.23.1_pg@8.23.0/node_modules/src/node-postgres/session.ts:149:14)
      at async NodePgPreparedQuery.queryWithCache (/app/node_modules/.pnpm/drizzle-orm@0.45.2_@opentelemetry+api@1.9.1_@types+pg@8.23.1_pg@8.23.0/node_modules/src/pg-core/session.ts:71:12)
      at async <anonymous> (/app/node_modules/.pnpm/drizzle-orm@0.45.2_@opentelemetry+api@1.9.1_@types+pg@8.23.1_pg@8.23.0/node_modules/src/pg-core/dialect.ts:102:7)
      at async NodePgSession.transaction (/app/node_modules/.pnpm/drizzle-orm@0.45.2_@opentelemetry+api@1.9.1_@types+pg@8.23.1_pg@8.23.0/node_modules/src/node-postgres/session.ts:259:19)
      at async PgDialect.migrate (/app/node_modules/.pnpm/drizzle-orm@0.45.2_@opentelemetry+api@1.9.1_@types+pg@8.23.1_pg@8.23.0/node_modules/src/pg-core/dialect.ts:95:3)
      at async migrate (/app/node_modules/.pnpm/drizzle-orm@0.45.2_@opentelemetry+api@1.9.1_@types+pg@8.23.1_pg@8.23.0/node_modules/src/node-postgres/migrator.ts:10:2)
      at async runMigrations (/app/src/core/database/migrator.ts:23:5) {
    length: 94,
    severity: 'ERROR',
    code: '42704',
    detail: undefined,
    hint: undefined,
    position: '219',
    internalPosition: undefined,
    internalQuery: undefined,
    where: undefined,
    schema: undefined,
    table: undefined,
    column: undefined,
    dataType: undefined,
    constraint: undefined,
    file: 'parse_type.c',
    line: '270',
    routine: 'typenameType'
  }
}
[ELIFECYCLE] Command failed with exit code 1.
